
  .   ____          _            __ _ _
 /\\ / ___'_ __ _ _(_)_ __  __ _ \ \ \ \
( ( )\___ | '_ | '_| | '_ \/ _` | \ \ \ \
 \\/  ___)| |_)| | | | | || (_| |  ) ) ) )
  '  |____| .__|_| |_|_| |_\__, | / / / /
 =========|_|==============|___/=/_/_/_/

 :: Spring Boot ::                (v4.0.2)

2026-02-27T13:50:05.761+05:30  INFO 24108 --- [student-management] [           main] com.dinesh.demo.DemoApplication          : Starting DemoApplication v0.0.1-SNAPSHOT using Java 21.0.10 with PID 24108 (C:\Users\MUNTHA DINESH YADAV\OneDrive\Desktop\project\demo\target\demo-0.0.1-SNAPSHOT.jar started by MUNTHA DINESH YADAV in C:\Users\MUNTHA DINESH YADAV\OneDrive\Desktop\project\demo)
2026-02-27T13:50:05.773+05:30  INFO 24108 --- [student-management] [           main] com.dinesh.demo.DemoApplication          : No active profile set, falling back to 1 default profile: "default"
2026-02-27T13:50:06.645+05:30  INFO 24108 --- [student-management] [           main] .s.d.r.c.RepositoryConfigurationDelegate : Bootstrapping Spring Data JPA repositories in DEFAULT mode.
2026-02-27T13:50:06.702+05:30  INFO 24108 --- [student-management] [           main] .s.d.r.c.RepositoryConfigurationDelegate : Finished Spring Data repository scanning in 37 ms. Found 1 JPA repository interface.
2026-02-27T13:50:07.442+05:30  INFO 24108 --- [student-management] [           main] o.s.boot.tomcat.TomcatWebServer          : Tomcat initialized with port 8080 (http)
2026-02-27T13:50:07.463+05:30  INFO 24108 --- [student-management] [           main] o.apache.catalina.core.StandardService   : Starting service [Tomcat]
2026-02-27T13:50:07.463+05:30  INFO 24108 --- [student-management] [           main] o.apache.catalina.core.StandardEngine    : Starting Servlet engine: [Apache Tomcat/11.0.15]
2026-02-27T13:50:07.484+05:30  INFO 24108 --- [student-management] [           main] b.w.c.s.WebApplicationContextInitializer : Root WebApplicationContext: initialization completed in 1600 ms
2026-02-27T13:50:07.873+05:30  INFO 24108 --- [student-management] [           main] org.hibernate.orm.jpa                    : HHH008540: Processing PersistenceUnitInfo [name: default]
2026-02-27T13:50:07.925+05:30  INFO 24108 --- [student-management] [           main] org.hibernate.orm.core                   : HHH000001: Hibernate ORM core version 7.2.1.Final
2026-02-27T13:50:08.544+05:30  INFO 24108 --- [student-management] [           main] o.s.o.j.p.SpringPersistenceUnitInfo      : No LoadTimeWeaver setup: ignoring JPA class transformer
2026-02-27T13:50:08.559+05:30  INFO 24108 --- [student-management] [           main] com.zaxxer.hikari.HikariDataSource       : HikariPool-1 - Starting...
2026-02-27T13:50:08.702+05:30  INFO 24108 --- [student-management] [           main] com.zaxxer.hikari.pool.HikariPool        : HikariPool-1 - Added connection conn0: url=jdbc:h2:mem:demo user=SA
2026-02-27T13:50:08.713+05:30  INFO 24108 --- [student-management] [           main] com.zaxxer.hikari.HikariDataSource       : HikariPool-1 - Start completed.
2026-02-27T13:50:08.750+05:30  INFO 24108 --- [student-management] [           main] org.hibernate.orm.connections.pooling    : HHH10001005: Database info:
	Database JDBC URL [jdbc:h2:mem:demo]
	Database driver: H2 JDBC Driver
	Database dialect: H2Dialect
	Database version: 2.4.240
	Default catalog/schema: DEMO/PUBLIC
	Autocommit mode: undefined/unknown
	Isolation level: READ_COMMITTED [default READ_COMMITTED]
	JDBC fetch size: 100
	Pool: DataSourceConnectionProvider
	Minimum pool size: undefined/unknown
	Maximum pool size: undefined/unknown
2026-02-27T13:50:09.283+05:30  INFO 24108 --- [student-management] [           main] org.hibernate.orm.core                   : HHH000489: No JTA platform available (set 'hibernate.transaction.jta.platform' to enable JTA platform integration)
Hibernate: create table students (id bigint generated by default as identity, email varchar(255), enrollment_date date, first_name varchar(255), last_name varchar(255), primary key (id))
2026-02-27T13:50:09.337+05:30  INFO 24108 --- [student-management] [           main] j.LocalContainerEntityManagerFactoryBean : Initialized JPA EntityManagerFactory for persistence unit 'default'
2026-02-27T13:50:09.398+05:30  INFO 24108 --- [student-management] [           main] o.s.d.j.r.query.QueryEnhancerFactories   : Hibernate is in classpath; If applicable, HQL parser will be used.
2026-02-27T13:50:09.477+05:30  WARN 24108 --- [student-management] [           main] JpaBaseConfiguration$JpaWebConfiguration : spring.jpa.open-in-view is enabled by default. Therefore, database queries may be performed during view rendering. Explicitly configure spring.jpa.open-in-view to disable this warning
2026-02-27T13:50:09.569+05:30  WARN 24108 --- [student-management] [           main] .s.a.UserDetailsServiceAutoConfiguration : 

Using generated security password: 531affeb-dd0e-4dad-9f48-59a223a8d18a

This generated password is for development use only. Your security configuration must be updated before running your application in production.

2026-02-27T13:50:09.572+05:30  INFO 24108 --- [student-management] [           main] r$InitializeUserDetailsManagerConfigurer : Global AuthenticationManager configured with UserDetailsService bean with name inMemoryUserDetailsManager
2026-02-27T13:50:09.761+05:30  INFO 24108 --- [student-management] [           main] o.s.b.w.a.WelcomePageHandlerMapping      : Adding welcome page template: index
2026-02-27T13:50:10.332+05:30  WARN 24108 --- [student-management] [           main] ConfigServletWebServerApplicationContext : Exception encountered during context initialization - cancelling refresh attempt: org.springframework.context.ApplicationContextException: Failed to start bean 'webServerStartStop'
2026-02-27T13:50:10.333+05:30  INFO 24108 --- [student-management] [           main] j.LocalContainerEntityManagerFactoryBean : Closing JPA EntityManagerFactory for persistence unit 'default'
2026-02-27T13:50:10.338+05:30  INFO 24108 --- [student-management] [           main] com.zaxxer.hikari.HikariDataSource       : HikariPool-1 - Shutdown initiated...
2026-02-27T13:50:10.339+05:30  INFO 24108 --- [student-management] [           main] com.zaxxer.hikari.HikariDataSource       : HikariPool-1 - Shutdown completed.
2026-02-27T13:50:10.360+05:30  INFO 24108 --- [student-management] [           main] .s.b.a.l.ConditionEvaluationReportLogger : 

Error starting ApplicationContext. To display the condition evaluation report re-run your application with 'debug' enabled.
2026-02-27T13:50:10.429+05:30 ERROR 24108 --- [student-management] [           main] o.s.b.d.LoggingFailureAnalysisReporter   : 

***************************
APPLICATION FAILED TO START
***************************

Description:

Web server failed to start. Port 8080 was already in use.

Action:

Identify and stop the process that's listening on port 8080 or configure this application to listen on another port.

